error: Only one data item allowed in actor declaration
 --> tests/fails/multiple_data.rs:6:5
  |
6 | /     enum B {
7 | |         Foo,
8 | |     }
  | |_____^

error: Only one data item allowed in actor declaration
  --> tests/fails/multiple_data.rs:9:5
   |
9  | /     enum C {
10 | |         Bar,
11 | |     }
   | |_____^
